// Jest Snapshot v1, https://goo.gl/fbAQLP

exports[`Component: Favorite Renders as expected 1`] = `"<div class=\\"fav\\"><button style=\\"background-color:gray;\\" class=\\"ui circular button fav\\"><i style=\\"color:red;\\" aria-hidden=\\"true\\" class=\\"pencil icon iconStyle large\\"></i><font class=\\"fontStyle\\" size=\\"1\\"> 5 </font></button><button style=\\"margin-left:-25px;visibility:hidden;\\" class=\\"ui button favMenu\\"><i style=\\"color:red;\\" aria-hidden=\\"true\\" class=\\"trash icon\\"></i>  Remove</button></div>"`;
